[productosdigitalesslm.online/independenciamontessori/index.html]
[backblue.gif]
[fade.gif]
[index.html]
[productosdigitalesslm.online/wp-content/themes/Divi/includes/builder/styles/images/preloader.gif]
[productosdigitalesslm.online/wp-content/cache/speedycache/productosdigitalesslm.online/assets/49x2ry4/9tl5h.css]
[productosdigitalesslm.online/wp-content/uploads/2024/04/cropped-Logo_slm-removebg-preview-32x32.png]
[productosdigitalesslm.online/wp-content/uploads/2024/04/cropped-Logo_slm-removebg-preview-192x192.png]
[productosdigitalesslm.online/wp-content/uploads/2024/04/cropped-Logo_slm-removebg-preview-180x180.png]
[productosdigitalesslm.online/wp-content/uploads/2024/04/cropped-Logo_slm-removebg-preview-270x270.png]
[productosdigitalesslm.online/wp-content/et-cache/272/et-core-unified-deferred-272.mind927.css]
[productosdigitalesslm.online/wp-content/uploads/2024/02/mockup-oferta-curso-lanzamiento.png]
[productosdigitalesslm.online/wp-content/uploads/2024/03/oferta-precio.gif]
[productosdigitalesslm.online/wp-content/uploads/2024/02/mockup-1.jpg]
[productosdigitalesslm.online/wp-content/uploads/2024/02/Imagenes-pagina-16.jpg]
[productosdigitalesslm.online/wp-content/uploads/2024/02/CERTIFICADO.jpg]
[productosdigitalesslm.online/wp-content/uploads/2024/02/masterclass.jpg]
[productosdigitalesslm.online/wp-content/uploads/2024/02/100-actividades-Montessori-para-ninos-de-0-a-3-anos.jpg]
[productosdigitalesslm.online/wp-content/uploads/2024/02/una-guia-para-padres-al-aula-montessori-bono.jpg]
[productosdigitalesslm.online/wp-content/uploads/2024/02/Cuentos-Montessori.jpg]
[productosdigitalesslm.online/wp-content/uploads/2024/02/comunidad-vip-bono-2.jpg]
[productosdigitalesslm.online/wp-content/uploads/2024/02/sesiones-en-vivo-bono.png]
[productosdigitalesslm.online/wp-content/uploads/2024/03/2799-1-2.png]
[productosdigitalesslm.online/wp-content/uploads/2024/03/Laptop.png]
[productosdigitalesslm.online/wp-content/uploads/2024/03/accept-47587_640-1.png]
[productosdigitalesslm.online/wp-content/uploads/2024/03/group-1.png]
[productosdigitalesslm.online/wp-content/uploads/2024/03/garantia-7-dias-1-1.png]
[productosdigitalesslm.online/wp-includes/css/dist/block-library/style.minadc6.css]
[productosdigitalesslm.online/wp-includes/js/jquery/jquery.minf43b.js]
[productosdigitalesslm.online/wp-includes/js/jquery/jquery-migrate.min5589.js]
[productosdigitalesslm.online/wp-content/cache/speedycache/productosdigitalesslm.online/assets/b0915a2fca32da281b796d2db34ec68d/9tl5h.js]
[productosdigitalesslm.online/wp-content/cache/speedycache/productosdigitalesslm.online/assets/4b4f56462a70ff89343e3f7968b69b4f/9tkr7.js]
[productosdigitalesslm.online/wp-content/themes/Divi/js/scripts.minb086.js]
[productosdigitalesslm.online/independenciamontessori/index.html]
[productosdigitalesslm.online/wp-content/cache/speedycache/productosdigitalesslm.online/assets/49x2ry4/9tl5h.css]
[productosdigitalesslm.online/wp-content/et-cache/272/et-core-unified-deferred-272.mind927.css]
[productosdigitalesslm.online/wp-includes/css/dist/block-library/style.minadc6.css]
[productosdigitalesslm.online/wp-content/cache/speedycache/productosdigitalesslm.online/assets/42d50c712ee7e6fb68ea651e869e7fc7/9tl5h.js]
